// Jest Snapshot v1, https://goo.gl/fbAQLP

exports[`<CurrentDate /> should render the heading 1`] = `
.c0 {
  display: -webkit-box;
  display: -webkit-flex;
  display: -ms-flexbox;
  display: flex;
  -webkit-align-items: center;
  -webkit-box-align: center;
  -ms-flex-align: center;
  align-items: center;
  -webkit-flex-direction: column;
  -ms-flex-direction: column;
  flex-direction: column;
  background: rgb(0,151,167);
  padding: 2.4rem 0;
}

.c1 {
  color: #FAFAFA;
  font-weight: 300;
}

.c2 {
  color: #FAFAFA;
  margin-top: 1.2rem;
  display: -webkit-box;
  display: -webkit-flex;
  display: -ms-flexbox;
  display: flex;
  -webkit-align-items: center;
  -webkit-box-align: center;
  -ms-flex-align: center;
  align-items: center;
  justify-items: center;
}

.c3 {
  color: #FAFAFA;
  font-weight: 600;
}

<main
  class="c0"
>
  <h3
    class="c1"
  >
    Quinta, 27 Outubro 2022 | Hor√°rio Local: 23:00 PM
  </h3>
  <div
    class="c2"
  >
    <h3
      class="c3"
    >
       Rio, BR
    </h3>
  </div>
</main>
`;
